================================================================================
25-YEAR MARKET FORECAST: MARCH 2025 - MARCH 2050
================================================================================

1. Loading historical market data...
   Historical data: 675 rows
   Date range: January 1969 to March 2025

2. Initializing MarketSimulator with seed=42...

3. Fitting ARIMA/SARIMAX/XGBoost models on historical data...
/usr/local/python/3.12.1/lib/python3.12/site-packages/statsmodels/base/model.py:607: ConvergenceWarning: Maximum Likelihood optimization failed to converge. Check mle_retvals
  warnings.warn("Maximum Likelihood optimization failed to "
/usr/local/python/3.12.1/lib/python3.12/site-packages/statsmodels/base/model.py:607: ConvergenceWarning: Maximum Likelihood optimization failed to converge. Check mle_retvals
  warnings.warn("Maximum Likelihood optimization failed to "
/usr/local/python/3.12.1/lib/python3.12/site-packages/statsmodels/base/model.py:607: ConvergenceWarning: Maximum Likelihood optimization failed to converge. Check mle_retvals
  warnings.warn("Maximum Likelihood optimization failed to "
/usr/local/python/3.12.1/lib/python3.12/site-packages/statsmodels/base/model.py:607: ConvergenceWarning: Maximum Likelihood optimization failed to converge. Check mle_retvals
  warnings.warn("Maximum Likelihood optimization failed to "
/usr/local/python/3.12.1/lib/python3.12/site-packages/statsmodels/base/model.py:607: ConvergenceWarning: Maximum Likelihood optimization failed to converge. Check mle_retvals
  warnings.warn("Maximum Likelihood optimization failed to "
Fitting Tier 1 (ARIMA)...
    ✓ GDP_Growth_YoY 
    ✓ most_recent_quarterly_gdp_%_change_extended 
    ✓ Inflation_Rate_YoY 
    ✓ Inflation_Rate_MoM 
    ✓ National_Pop_Growth_YoY 
    ✓ Municipal_Pop_Growth_YoY 
    ✓ Migration_Rate (seasonal)
    ✓ NPR_Rate (seasonal)
  ✓ Tier 1: 8/8 models fitted successfully
Fitting Tier 2 & 3 (SARIMAX)...
  ✓ Tier 2: 11/11 models fitted successfully
  ✓ Tier 3: 3/3 models fitted successfully
Fitting Tier 4 (XGBoost)...
  XGBoost: 95 features, 675 samples
Training Complete.
   ✓ Models fitted successfully

4. Generating 25-year (300-month) forecast...
   Running 1 Monte Carlo iteration x 300 months...

5. Generating exogenous variables for forecast period...
   ✓ Forecast horizon: 300 months
   Forecast period: April 2025 to March 2050

6. Predicting Log_Return_MoM and converting to real prices...

7. Combining historical and forecast data...
   Total rows: 975
   Total columns: 103
   Date range: January 1969 to March 2050

7. Saving complete forecast to results/forecast_25_year_march2050.csv...
   ✓ Saved 975 rows × 103 columns

8. Creating price path visualization...
   Saving visualization to results/forecast_25_year_march2050.png...
   ✓ Saved

10. Forecast Summary Statistics:
   ============================================================================
   Initial Price (Start of Forecast): $1,099,793.91
   Final Price (March 2050):          $1,214,521.30
   Lowest Price:                      $831,158.87
   Highest Price:                     $1,214,521.30
   Mean Price:                        $1,013,893.97

   Total 25-Year Change:              +10.43%
   Average Annual Growth Rate:        +0.40%

   Monthly Returns - Mean:            +0.035%
   Monthly Returns - Std Dev:         0.516%
   Monthly Returns - Min:             -1.348%
   Monthly Returns - Max:             +2.436%

   ----------------------------------------------------------------------------
   AFFORDABILITY RATIO STATISTICS:
   ----------------------------------------------------------------------------
   Initial Affordability:             7.7169
   Final Affordability (March 2050):  5.4691
   Lowest Affordability:              4.3366
   Highest Affordability:             8.0053
   Mean Affordability:                5.8416
   25-Year Change:                    -29.13%
   Monthly Change - Mean:             -0.114%
   Monthly Change - Std Dev:          0.521%

   ----------------------------------------------------------------------------
   FEATURE ENGINEERING DIAGNOSTICS:
   ----------------------------------------------------------------------------
   Lag columns defined: 28
   Delta columns defined: 26
   Rolling Average columns defined: 16

   At Month 24 of forecast:
     - Lags populated: 0/28
     - Deltas populated: 0/26
     - Rolling Averages populated: 0/16
   ============================================================================

================================================================================
FORECAST GENERATION COMPLETE
================================================================================

Outputs:
  1. Complete CSV: results/forecast_25_year_march2050.csv
     - 975 rows (historical + forecast)
     - All exogenous variables filled for forecast period
     - Price projections from March 2025 to March 2050

  2. Visualization: results/forecast_25_year_march2050.png
     - Monthly price path with confidence visual
     - Monthly percent changes

Recommended next steps:
  - Review CSV in Excel for detailed month-by-month data
  - Open PNG to visualize the forecast trajectory
  - Compare with multiple iterations if desired
